// Jest Snapshot v1, https://goo.gl/fbAQLP

exports[`Render <RenderTbody> should render tr, td 1`] = `
<tbody>
  <tr
    className={null}
    onDoubleClick={[Function]}
  >
    <td>
      1
    </td>
    <td>
      Open
    </td>
    <td>
      cat1
    </td>
    <td>
      Java
    </td>
    <td>
      Allen
    </td>
    <td>
      1
    </td>
    <td>
      <button
        onClick={[Function]}
      >
        Delete
      </button>
    </td>
  </tr>
  <tr
    className={null}
    onDoubleClick={[Function]}
  >
    <td>
      2
    </td>
    <td>
      Close
    </td>
    <td>
      cat1
    </td>
    <td>
      Go crazy
    </td>
    <td>
      Nick
    </td>
    <td>
      2
    </td>
    <td>
      <button
        onClick={[Function]}
      >
        Delete
      </button>
    </td>
  </tr>
  <tr
    className={null}
    onDoubleClick={[Function]}
  >
    <td>
      3
    </td>
    <td>
      Close
    </td>
    <td>
      cat3
    </td>
    <td>
      Wandering
    </td>
    <td>
      Jocelyn
    </td>
    <td>
      3
    </td>
    <td>
      <button
        onClick={[Function]}
      >
        Delete
      </button>
    </td>
  </tr>
  <tr
    className={null}
    onDoubleClick={[Function]}
  >
    <td>
      4
    </td>
    <td>
      Open
    </td>
    <td>
      cat1
    </td>
    <td>
      Big belly
    </td>
    <td>
      Haku
    </td>
    <td>
      4
    </td>
    <td>
      <button
        onClick={[Function]}
      >
        Delete
      </button>
    </td>
  </tr>
</tbody>
`;
